// Jest Snapshot v1, https://goo.gl/fbAQLP

exports[`matches snapshot 1`] = `
<DocumentFragment>
  <div>
    <form>
      <label
        for="todoInput"
      >
        Todo: 
      </label>
      <input
        id="todoInput"
        type="text"
        value=""
      />
      <button
        type="submit"
      >
        Add!
      </button>
    </form>
  </div>
</DocumentFragment>
`;
